googlevideo.com  
yt3.ggpht.com  
youtube.com  
i.ytimg.com  
youtubei.googleapis.com  
yt3.ggpht.com  
yt3.googleusercontent.com  
m.youtube.com  
google.com  
googleapis.com  
gstatic.com  
play.google.com  
s.youtube.com  
www.youtube.com
youtu.be  
connectivitycheck.gstatic.com  
play.googleapis.com  
android.clients.google.com  
lh3.googleusercontent.com  
youtube-nocookie.com  
wide-youtube.l.google.com  
ytimg.l.google.com  
youtubeembeddedplayer.googleapis.com
download.nvidia.com 
nvidia.com
github.com
githubusercontent.com
githubassets.com
githubcopilot.com
copilot-proxy.githubusercontent.com
copilot-telemetry.githubusercontent.com
netflix.ca
netflix.com
netflix.com.au
netflixdnstest1.com
netflixdnstest10.com
netflixdnstest2.com
netflixdnstest3.com
netflixdnstest4.com
netflixdnstest5.com
netflixdnstest6.com
netflixdnstest7.com
netflixdnstest8.com
netflixdnstest9.com
netflixinvestor.com
netflixstudios.com
deepmind.com
deepmind.google
geller-pa.googleapis.com
generativelanguage.googleapis.com
proactivebackend-pa.googleapis.com
ai.google.dev
alkalicore-pa.clients6.google.com
alkalimakersuite-pa.clients6.google.com
generativeai.google
makersuite.google.com
aistudio.google.com
bard.google.com
gemini.google.com
chat.openai.com
chatgpt.com
auth.openai.com
auth0.openai.com
ns1.cloudflare.net
cdn.oaistatic.com
openai.com
files.oaiusercontent.com
api.openai.com
ab.chatgpt.com
arena.openai.com