openai.com
chatgpt.com
cloudflare.net
cloudflare.com
cdn.oaistatic.com
files.oaiusercontent.com
deepmind.com
deepmind.google
ai.google.dev
alkalicore-pa.clients6.google.com
alkalimakersuite-pa.clients6.google.com
generativeai.google
makersuite.google.com
aistudio.google.com
bard.google.com
gemini.google.com
netflix.ca
netflix.com
netflix.com.au
netflixdnstest1.com
netflixdnstest10.com
netflixdnstest2.com
netflixdnstest3.com
netflixdnstest4.com
netflixdnstest5.com
netflixdnstest6.com
netflixdnstest7.com
netflixdnstest8.com
netflixdnstest9.com
netflixinvestor.com
netflixstudios.com
github.com
githubusercontent.com
githubassets.com
githubcopilot.com
googlevideo.com
yt3.ggpht.com
youtube.com
i.ytimg.com
yt3.googleusercontent.com
googleapis.com
gstatic.com
play.google.com
youtu.be
android.clients.google.com
lh3.googleusercontent.com
youtube-nocookie.com
wide-youtube.l.google.com
ytimg.l.google.com
hub.docker.com
docker.elastic.co
desktop.docker.com
sessions-bugsnag.docker.com
api.dso.docker.com
production.cloudflare.docker.com
docker.io