2ip.ru
ab.chatgpt.com
ads-twitter.com
ai.google.dev
aistudio.google.com
alkalicore-pa.clients6.google.com
alkalimakersuite-pa.clients6.google.com
android.clients.google.com
api.dso.docker.com
api.openai.com
arena.openai.com
auth.docker.io
auth.openai.com
auth0.openai.com
bard.google.com
beta.api.openai.com
beta.openai.com
blog.openai.com
cdn.oaistatic.com
cdn.openai.com
cdninstagram.com
chat.openai.com
chatgpt.com
cloudflare.com
cloudflare.net
cloudfront.net
community.openai.com
connectivitycheck.gstatic.com
contest.openai.com
copilot-proxy.githubusercontent.com
copilot-telemetry.githubusercontent.com
debate-game.openai.com
deepmind.com
deepmind.google
desktop.docker.com
discuss.openai.com
docker.elastic.co
docker.io
files.oaiusercontent.com
gemini.google.com
generativeai.google
ggpht.com
github.com
githubassets.com
githubcopilot.com
githubusercontent.com
google.com
googleapis.com
googleusercontent.com
googlevideo.com
gpt3-openai.com
gstatic.com
gym.openai.com
help.openai.com
hub.docker.com
i.ytimg.com
ifconfig.me
instagram.com
instagramstatic.com
ios.chat.openai.com
jetbrains.com
jukebox.openai.com
l.google
labs.openai.com
lh3.googleusercontent.com
m.youtube.com
makersuite.google.com
microscope.openai.com
myip2.ru
netflix.ca
netflix.com
netflix.com.au
netflixdnstest1.com
netflixdnstest10.com
netflixdnstest2.com
netflixdnstest3.com
netflixdnstest4.com
netflixdnstest5.com
netflixdnstest6.com
netflixdnstest7.com
netflixdnstest8.com
netflixdnstest9.com
netflixinvestor.com
netflixstudios.com
nhacmp3youtube.com
oaistatic.com
openai.com
openai.fund
openai.org
platform.api.openai.com
platform.openai.com
play.google.com
production.cloudflare.docker.com
registry-1.docker.io
s.youtube.com
sessions-bugsnag.docker.com
spinningup.openai
t.co
threads.net
tweetdeck.com
twimg.com
twitter.com
wide-youtube.l.google.com
www.google.com
www.youtube.com
x.com
youtu.be
youtube-nocookie.com
youtube.com
youtubei.googleapis.com
yt3.ggpht.com
yt3.googleusercontent.com
ytimg.com
ytimg.l.google.com
lostfilm.tv
rutracker.org
flibusta.is
bytecdn.cn
byted.org
byteoversea.com
ibytedtos.com
ibyteimg.com
muscdn.com
musemuse.cn
musica.ly
musical.ly
p16-tiktokcdn-com.akamaized.net
tik-tokapi.com
tiktok.com
tiktok.com.c.footprint.net
tiktok.net
tiktokcdn.com
tiktokcdn.com.c.worldfcdn.com
tiktokcdn.com.wsdvs.com
tiktokcdn.liveplay.myqcloud.com
tiktokd.net
tiktokd.org
tiktokv.com
tiktokv.us
tiktokw.us
ttwstatic.com
v.tiktok.com
v.tiktok.ne
twitch.tv
ttvnw.net
live-video.net
jtvnw.net
twitchcdn.net
ext-twitch.tv
twitch-shadow.net
twitch.a2z.com
twitchcdn-shadow.net
twitchsvc-staging.tech
twitchsvc.net
anthropic.com
claude.ai
claudeusercontent.com
googleapis.com
googletagmanager.com
gstatic.com
youtube.com
intellimize.co
cdn.prod.website-files.com
cloudfront.net
hubspotonwebflow.com
manus.im
files.manuscdn.com
plausible.io
deepmind.com
deepmind.google
geller-pa.googleapis.com
generativelanguage.googleapis.com
proactivebackend-pa.googleapis.com
ai.google.dev
alkalicore-pa.clients6.google.com
alkalimakersuite-pa.clients6.google.com
generativeai.google
makersuite.google.com
aistudio.google.com
bard.google.com
gemini.google.com
netflix.ca
netflix.com
netflix.com.au
netflixdnstest1.com
netflixdnstest10.com
netflixdnstest2.com
netflixdnstest3.com
netflixdnstest4.com
netflixdnstest5.com
netflixdnstest6.com
netflixdnstest7.com
netflixdnstest8.com
netflixdnstest9.com
netflixinvestor.com
netflixstudios.com
fast.com
netflix.ca
www.netflix.com
netflix.com
netflix.net
netflixinvestor.com
netflixtechblog.com
nflxext.com
nflximg.com
nflximg.net
nflxsearch.net
nflxso.net
nflxvideo.net
netflixdnstest0.com
netflixdnstest1.com
netflixdnstest2.com
netflixdnstest3.com
netflixdnstest4.com
netflixdnstest5.com
netflixdnstest6.com
netflixdnstest7.com
netflixdnstest8.com
netflixdnstest9.com
netflixdnstest10.com
netflix.com.edgesuite.net
www.netflix.com
ae.nflximg.net
assets.netflix.com
assets.nflxext.com
geolocation.onetrust.com
help.nflxext.com
ipv4-c001-bud001-retn-isp.1.oca.nflxvideo.net
ipv4-c002-bud001-retn-isp.1.oca.nflxvideo.net
ipv4-c002-rix001-retn-isp.1.oca.nflxvideo.net
ipv4-c002-waw001-retn-isp.1.oca.nflxvideo.net
ipv4-c003-bud001-retn-isp.1.oca.nflxvideo.net
ipv4-c003-waw001-retn-isp.1.oca.nflxvideo.net
ipv4-c224-fra002-ix.1.oca.nflxvideo.net
ipv4-c231-fra002-ix.1.oca.nflxvideo.net
occ-0-3565-769.1.nflxso.net
push.prod.netflix.com
web.prod.cloud.netflix.com
web.prod.cloud.netflix.com
github.com
githubusercontent.com
githubassets.com
githubcopilot.com
copilot-proxy.githubusercontent.com
copilot-telemetry.githubusercontent.com
googlevideo.com
yt3.ggpht.com
youtube.com
i.ytimg.com
youtubei.googleapis.com
yt3.ggpht.com
yt3.googleusercontent.com
m.youtube.com
google.com
googleapis.com
gstatic.com
play.google.com
s.youtube.com
www.youtube.com
youtu.be
connectivitycheck.gstatic.com
play.googleapis.com
android.clients.google.com
lh3.googleusercontent.com
youtube-nocookie.com
wide-youtube.l.google.com (обновлено)
ytimg.l.google.com (обновлено)
youtubeembeddedplayer.googleapis.com (обновлено)