2ip.ru
ab.chatgpt.com
ads-twitter.com
ai.google.dev
aistudio.google.com
alkalicore-pa.clients6.google.com
alkalimakersuite-pa.clients6.google.com
android.clients.google.com
api.dso.docker.com
api.openai.com
arena.openai.com
auth.docker.io
auth.openai.com
auth0.openai.com
bard.google.com
beta.api.openai.com
beta.openai.com
blog.openai.com
cdn.oaistatic.com
cdn.openai.com
cdninstagram.com
chat.openai.com
chatgpt.com
cloudflare.com
cloudflare.net
cloudfront.net
community.openai.com
connectivitycheck.gstatic.com
contest.openai.com
copilot-proxy.githubusercontent.com
copilot-telemetry.githubusercontent.com
debate-game.openai.com
deepmind.com
deepmind.google
desktop.docker.com
discuss.openai.com
docker.elastic.co
docker.io
files.oaiusercontent.com
gemini.google.com
generativeai.google
ggpht.com
github.com
githubassets.com
githubcopilot.com
githubusercontent.com
google.com
googleapis.com
googleusercontent.com
googlevideo.com
gpt3-openai.com
gstatic.com
gym.openai.com
help.openai.com
hub.docker.com
i.ytimg.com
ifconfig.me
instagram.com
instagramstatic.com
ios.chat.openai.com
jetbrains.com
jukebox.openai.com
l.google
labs.openai.com
lh3.googleusercontent.com
m.youtube.com
makersuite.google.com
microscope.openai.com
myip2.ru
netflix.ca
netflix.com
netflix.com.au
netflixdnstest1.com
netflixdnstest10.com
netflixdnstest2.com
netflixdnstest3.com
netflixdnstest4.com
netflixdnstest5.com
netflixdnstest6.com
netflixdnstest7.com
netflixdnstest8.com
netflixdnstest9.com
netflixinvestor.com
netflixstudios.com
nhacmp3youtube.com
oaistatic.com
openai.com
openai.fund
openai.org
platform.api.openai.com
platform.openai.com
play.google.com
production.cloudflare.docker.com
registry-1.docker.io
s.youtube.com
sessions-bugsnag.docker.com
spinningup.openai
t.co
threads.net
tweetdeck.com
twimg.com
twitter.com
wide-youtube.l.google.com
www.google.com
www.youtube.com
x.com
youtu.be
youtube-nocookie.com
youtube.com
youtubei.googleapis.com
yt3.ggpht.com
yt3.googleusercontent.com
ytimg.com
ytimg.l.google.com